// Jest Snapshot v1, https://goo.gl/fbAQLP

exports[`App 1`] = `
<div>
  <div
    className="nav-bar-component"
  >
    <div
      className="nav-bar-wrapper"
    >
      <div
        className="logo-area"
      >
        <a
          className="menu-icon"
          onClick={[Function]}
        >
          <img
            alt=""
            src="menu-icon.png"
          />
        </a>
        <a
          className="logo"
          href="/"
          onClick={[Function]}
        >
          <img
            alt="Go Home"
            src="pp-logo.png"
          />
        </a>
      </div>
      <div
        className="search-box-area"
      >
        <input
          className="search-bar"
          onChange={[Function]}
          onKeyUp={[Function]}
          placeholder="Search"
          type="text"
          value=""
        />
      </div>
      <a
        className="hidden-sm-down"
        href="/new"
        onClick={[Function]}
      >
        <div
          className="createButton"
        >
          Quick Submit
        </div>
      </a>
      <div
        className="loginButton hidden-sm-down"
      >
        <button
          disabled={false}
          href={undefined}
          onBlur={[Function]}
          onClick={[Function]}
          onFocus={[Function]}
          onKeyDown={[Function]}
          onKeyUp={[Function]}
          onMouseEnter={[Function]}
          onMouseLeave={[Function]}
          onTouchStart={[Function]}
          onTouchTap={[Function]}
          style={
            Object {
              "WebkitTapHighlightColor": "rgba(0, 0, 0, 0)",
              "backgroundColor": "rgba(0, 0, 0, 0)",
              "border": 10,
              "borderRadius": 2,
              "boxSizing": "border-box",
              "color": "rgba(0, 0, 0, 0.87)",
              "cursor": "pointer",
              "display": "inline-block",
              "fontFamily": "Roboto, sans-serif",
              "fontSize": "inherit",
              "fontWeight": "inherit",
              "height": 36,
              "lineHeight": "36px",
              "margin": 0,
              "minWidth": 88,
              "muiPrepared": true,
              "outline": "none",
              "overflow": "hidden",
              "padding": 0,
              "position": "relative",
              "textAlign": "center",
              "textDecoration": "none",
              "transition": "all 450ms cubic-bezier(0.23, 1, 0.32, 1) 0ms",
              "userSelect": "none",
              "verticalAlign": null,
              "zIndex": 1,
            }
          }
          tabIndex={0}
          type="button"
        >
          <div
            onMouseDown={[Function]}
            onMouseLeave={[Function]}
            onMouseUp={[Function]}
            onTouchEnd={[Function]}
            onTouchStart={[Function]}
          >
            <span
              style={
                Object {
                  "fontSize": 14,
                  "fontWeight": 500,
                  "letterSpacing": 0,
                  "muiPrepared": true,
                  "paddingLeft": 16,
                  "paddingRight": 16,
                  "position": "relative",
                  "textTransform": "uppercase",
                  "verticalAlign": "middle",
                }
              }
            >
              Login
            </span>
          </div>
        </button>
      </div>
    </div>
  </div>
  <div
    className="drawer"
    style={undefined}
  >
    <div
      className={undefined}
      onTouchTap={[Function]}
      style={
        Object {
          "WebkitTapHighlightColor": "rgba(0, 0, 0, 0)",
          "backgroundColor": "rgba(0, 0, 0, 0.54)",
          "height": "100%",
          "left": "-100%",
          "muiPrepared": true,
          "opacity": 0,
          "pointerEvents": "none",
          "position": "fixed",
          "top": 0,
          "transform": "translateZ(0)",
          "transition": "left 0ms cubic-bezier(0.23, 1, 0.32, 1) 400ms, opacity 400ms cubic-bezier(0.23, 1, 0.32, 1) 0ms",
          "width": "100%",
          "willChange": "opacity",
          "zIndex": 1200,
        }
      }
    />
    <div
      className={undefined}
      style={
        Object {
          "WebkitOverflowScrolling": "touch",
          "WebkitTapHighlightColor": "rgba(0,0,0,0)",
          "backgroundColor": "#ffffff",
          "borderRadius": "0px",
          "boxShadow": "0 3px 10px rgba(0, 0, 0, 0.16),
                 0 3px 10px rgba(0, 0, 0, 0.23)",
          "boxSizing": "border-box",
          "color": "rgba(0, 0, 0, 0.87)",
          "fontFamily": "Roboto, sans-serif",
          "height": "100%",
          "left": 0,
          "muiPrepared": true,
          "overflow": "auto",
          "position": "fixed",
          "top": 0,
          "transform": "translate(-310px, 0)",
          "transition": "transform 450ms cubic-bezier(0.23, 1, 0.32, 1) 0ms",
          "width": 300,
          "zIndex": 1300,
        }
      }
    />
  </div>
  <div
    className="contentArea"
  >
    <div
      className="home"
    >
      <div
        className="main-contents"
      >
        <div
          className="search-results-component container-fluid"
        >
          <div
            className="sidepanel hidden-sm-down col col-md-3"
          >
            <div
              className="sorting-options"
            >
              <p
                className="current-sorting-selection"
                onClick={[Function]}
              >
                Most Recent
              </p>
              <div
                className="unselected"
                onClick={[Function]}
              >
                Featured
              </div>
              <div
                className="selected"
                onClick={[Function]}
              >
                Most Recent
              </div>
              <div
                className="unselected"
                onClick={[Function]}
              >
                Alphabetical
              </div>
            </div>
            <div
              className="featured-searches-area"
            >
              <div
                className="featured-searches-header"
              >
                Featured Searches
              </div>
              <div
                className="featured-searches"
              >
                <div>
                  <div>
                    <a
                      href="/search?query=participatory%20budgeting"
                      onClick={[Function]}
                    >
                      Mention "Participatory Budgeting"
                    </a>
                  </div>
                  <div>
                    <a
                      href="/search?tag=infrastructure"
                      onClick={[Function]}
                    >
                      Tagged as: Infrastructure
                    </a>
                  </div>
                </div>
              </div>
            </div>
          </div>
          <div
            className="results-area col col-md-9"
          >
            <div
              className="clearfix search-actions-area"
            >
              <div
                className="filters hidden-xs-down"
              >
                <div
                  className="selected"
                  onClick={[Function]}
                >
                  All
                </div>
                <div
                  className="unselected"
                  onClick={[Function]}
                >
                  Cases
                </div>
                <div
                  className="unselected"
                  href="#"
                  onClick={[Function]}
                >
                  Methods
                </div>
                <div
                  className="unselected"
                  href="#"
                  onClick={[Function]}
                >
                  Organizations
                </div>
              </div>
              <select
                className="mobile-select hidden-sm-up"
                onChange={[Function]}
                value="All"
              >
                <option
                  value="All"
                >
                  All
                </option>
                <option
                  value="Cases"
                >
                  Cases
                </option>
                <option
                  value="Methods"
                >
                  Methods
                </option>
                <option
                  value="Organizations"
                >
                  Organizations
                </option>
              </select>
              <div
                className="view-types hidden-sm-down"
              >
                <div
                  className="selected"
                  onClick={[Function]}
                >
                  <img
                    alt=""
                    className="grid-icon"
                    src="pp-search-grid-icon.png"
                  />
                  <img
                    alt=""
                    className="grid-icon"
                    src="pp-search-grid-icon-active.png"
                  />
                </div>
                <div
                  className="unselected"
                  onClick={[Function]}
                >
                  <img
                    alt=""
                    className="list-icon"
                    src="pp-search-list-icon.png"
                  />
                  <img
                    alt=""
                    className="list-icon"
                    src="pp-search-list-icon-active.png"
                  />
                </div>
                <div
                  onClick={[Function]}
                >
                  <svg
                    onMouseEnter={[Function]}
                    onMouseLeave={[Function]}
                    style={
                      Object {
                        "color": "rgba(0, 0, 0, 0.87)",
                        "display": "inline-block",
                        "fill": "currentColor",
                        "height": 24,
                        "muiPrepared": true,
                        "transition": "all 450ms cubic-bezier(0.23, 1, 0.32, 1) 0ms",
                        "userSelect": "none",
                        "width": 24,
                      }
                    }
                    viewBox="0 0 24 24"
                  >
                    <path
                      d="M19 9h-4V3H9v6H5l7 7 7-7zM5 18v2h14v-2H5z"
                    />
                  </svg>
                </div>
              </div>
            </div>
            <div>
              <h3
                className="searching-message"
              >
                Searching for
                 
                
                <div
                  className="spinner"
                />
              </h3>
            </div>
          </div>
        </div>
        <a
          href="/new"
          onClick={[Function]}
        >
          <div
            className="hidden-sm-up editButton"
            style={
              Object {
                "WebkitTapHighlightColor": "rgba(0,0,0,0)",
                "backgroundColor": "transparent",
                "borderRadius": "50%",
                "boxShadow": "0 3px 10px rgba(0, 0, 0, 0.16),
                       0 3px 10px rgba(0, 0, 0, 0.23)",
                "boxSizing": "border-box",
                "color": "rgba(0, 0, 0, 0.87)",
                "display": "inline-block",
                "fontFamily": "Roboto, sans-serif",
                "muiPrepared": true,
                "transition": "all 450ms cubic-bezier(0.23, 1, 0.32, 1) 0ms",
              }
            }
          >
            <button
              disabled={false}
              href={undefined}
              onBlur={[Function]}
              onClick={[Function]}
              onFocus={[Function]}
              onKeyDown={[Function]}
              onKeyUp={[Function]}
              onMouseDown={[Function]}
              onMouseEnter={[Function]}
              onMouseLeave={[Function]}
              onMouseUp={[Function]}
              onTouchEnd={[Function]}
              onTouchStart={[Function]}
              onTouchTap={[Function]}
              style={
                Object {
                  "WebkitTapHighlightColor": "rgba(0, 0, 0, 0)",
                  "backgroundColor": "#00bcd4",
                  "border": 10,
                  "borderRadius": "50%",
                  "boxSizing": "border-box",
                  "cursor": "pointer",
                  "display": "inline-block",
                  "fontFamily": "Roboto, sans-serif",
                  "fontSize": "inherit",
                  "fontWeight": "inherit",
                  "height": 56,
                  "margin": 0,
                  "muiPrepared": true,
                  "outline": "none",
                  "overflow": "hidden",
                  "padding": 0,
                  "position": "relative",
                  "textAlign": "center",
                  "textDecoration": "none",
                  "transition": "all 450ms cubic-bezier(0.23, 1, 0.32, 1) 0ms",
                  "verticalAlign": "bottom",
                  "width": 56,
                  "zIndex": 1,
                }
              }
              tabIndex={0}
              type="button"
            >
              <div
                onMouseDown={[Function]}
                onMouseLeave={[Function]}
                onMouseUp={[Function]}
                onTouchEnd={[Function]}
                onTouchStart={[Function]}
              >
                <div
                  style={
                    Object {
                      "muiPrepared": true,
                      "top": 0,
                      "transition": "all 450ms cubic-bezier(0.23, 1, 0.32, 1) 0ms",
                    }
                  }
                >
                  <svg
                    onMouseEnter={[Function]}
                    onMouseLeave={[Function]}
                    style={
                      Object {
                        "color": "#ffffff",
                        "display": "inline-block",
                        "fill": "#ffffff",
                        "height": 56,
                        "lineHeight": "56px",
                        "muiPrepared": true,
                        "transition": "all 450ms cubic-bezier(0.23, 1, 0.32, 1) 0ms",
                        "userSelect": "none",
                        "width": 24,
                      }
                    }
                    viewBox="0 0 24 24"
                  >
                    <path
                      d="M19 13h-6v6h-2v-6H5v-2h6V5h2v6h6v2z"
                    />
                  </svg>
                </div>
              </div>
            </button>
          </div>
        </a>
      </div>
    </div>
  </div>
  <div
    className="footer-component"
  >
    <div
      className="expanded-footer container-fluid"
    >
      <div
        className="row"
      >
        <div
          className="col col-lg-6"
        >
          <div
            className="column list"
          >
            <a
              href="/about"
              onClick={[Function]}
            >
              About
            </a>
            <a
              href="/research"
              onClick={[Function]}
            >
              Research
            </a>
            <a
              href="/teaching"
              onClick={[Function]}
            >
              Teaching
            </a>
            <a
              href="/experiments"
              onClick={[Function]}
            >
              Experiments
            </a>
          </div>
          <div
            className="column list"
          >
            <a
              href="/cases"
              onClick={[Function]}
            >
              Cases
            </a>
            <a
              href="/methods"
              onClick={[Function]}
            >
              Methods
            </a>
            <a
              href="/organizations"
              onClick={[Function]}
            >
              Organizations
            </a>
          </div>
          <div
            className="column list"
          >
            <a
              href="/news"
              onClick={[Function]}
            >
              News
            </a>
            <a
              href="/help"
              onClick={[Function]}
            >
              Help
            </a>
            Contact
          </div>
        </div>
        <div
          className="col col-lg-6"
        >
          <div
            className="column xl"
          >
            <h4>
              Participedia
            </h4>
            <p>
              A global community sharing knowledge and stories about public participation
            </p>
          </div>
          <div
            className="column right"
          >
            <a
              className="social-icons"
              href="https://www.facebook.com/Participedia/"
              rel="noopener noreferrer"
              target="_blank"
            >
              <img
                alt=""
                src="pp-social-fb.png"
              />
            </a>
            <a
              className="social-icons"
              href="https://twitter.com/participedia"
              rel="noopener noreferrer"
              target="_blank"
            >
              <img
                alt=""
                src="pp-social-tw.png"
              />
            </a>
            <a
              className="social-icons"
              href="https://www.linkedin.com/company/participedia"
              rel="noopener noreferrer"
              target="_blank"
            >
              <img
                alt=""
                src="pp-social-linkedin.png"
              />
            </a>
            <div
              className="copyright-area"
            >
              <img
                alt=""
                src="cc-icon.png"
              />
              <span>
                Participedia 2017
              </span>
            </div>
          </div>
        </div>
      </div>
    </div>
  </div>
</div>
`;

exports[`Searching for a word 1`] = `
<div>
  <div
    className="nav-bar-component"
  >
    <div
      className="nav-bar-wrapper"
    >
      <div
        className="logo-area"
      >
        <a
          className="menu-icon"
          onClick={[Function]}
        >
          <img
            alt=""
            src="menu-icon.png"
          />
        </a>
        <a
          className="logo"
          href="/"
          onClick={[Function]}
        >
          <img
            alt="Go Home"
            src="pp-logo.png"
          />
        </a>
      </div>
      <div
        className="search-box-area"
      >
        <input
          className="search-bar"
          onChange={[Function]}
          onKeyUp={[Function]}
          placeholder="Search"
          type="text"
          value=""
        />
      </div>
      <a
        className="hidden-sm-down"
        href="/new"
        onClick={[Function]}
      >
        <div
          className="createButton"
        >
          Quick Submit
        </div>
      </a>
      <div
        className="loginButton hidden-sm-down"
      >
        <button
          disabled={false}
          href={undefined}
          onBlur={[Function]}
          onClick={[Function]}
          onFocus={[Function]}
          onKeyDown={[Function]}
          onKeyUp={[Function]}
          onMouseEnter={[Function]}
          onMouseLeave={[Function]}
          onTouchStart={[Function]}
          onTouchTap={[Function]}
          style={
            Object {
              "WebkitTapHighlightColor": "rgba(0, 0, 0, 0)",
              "backgroundColor": "rgba(0, 0, 0, 0)",
              "border": 10,
              "borderRadius": 2,
              "boxSizing": "border-box",
              "color": "rgba(0, 0, 0, 0.87)",
              "cursor": "pointer",
              "display": "inline-block",
              "fontFamily": "Roboto, sans-serif",
              "fontSize": "inherit",
              "fontWeight": "inherit",
              "height": 36,
              "lineHeight": "36px",
              "margin": 0,
              "minWidth": 88,
              "muiPrepared": true,
              "outline": "none",
              "overflow": "hidden",
              "padding": 0,
              "position": "relative",
              "textAlign": "center",
              "textDecoration": "none",
              "transition": "all 450ms cubic-bezier(0.23, 1, 0.32, 1) 0ms",
              "userSelect": "none",
              "verticalAlign": null,
              "zIndex": 1,
            }
          }
          tabIndex={0}
          type="button"
        >
          <div
            onMouseDown={[Function]}
            onMouseLeave={[Function]}
            onMouseUp={[Function]}
            onTouchEnd={[Function]}
            onTouchStart={[Function]}
          >
            <span
              style={
                Object {
                  "fontSize": 14,
                  "fontWeight": 500,
                  "letterSpacing": 0,
                  "muiPrepared": true,
                  "paddingLeft": 16,
                  "paddingRight": 16,
                  "position": "relative",
                  "textTransform": "uppercase",
                  "verticalAlign": "middle",
                }
              }
            >
              Login
            </span>
          </div>
        </button>
      </div>
    </div>
  </div>
  <div
    className="drawer"
    style={undefined}
  >
    <div
      className={undefined}
      onTouchTap={[Function]}
      style={
        Object {
          "WebkitTapHighlightColor": "rgba(0, 0, 0, 0)",
          "backgroundColor": "rgba(0, 0, 0, 0.54)",
          "height": "100%",
          "left": "-100%",
          "muiPrepared": true,
          "opacity": 0,
          "pointerEvents": "none",
          "position": "fixed",
          "top": 0,
          "transform": "translateZ(0)",
          "transition": "left 0ms cubic-bezier(0.23, 1, 0.32, 1) 400ms, opacity 400ms cubic-bezier(0.23, 1, 0.32, 1) 0ms",
          "width": "100%",
          "willChange": "opacity",
          "zIndex": 1200,
        }
      }
    />
    <div
      className={undefined}
      style={
        Object {
          "WebkitOverflowScrolling": "touch",
          "WebkitTapHighlightColor": "rgba(0,0,0,0)",
          "backgroundColor": "#ffffff",
          "borderRadius": "0px",
          "boxShadow": "0 3px 10px rgba(0, 0, 0, 0.16),
                 0 3px 10px rgba(0, 0, 0, 0.23)",
          "boxSizing": "border-box",
          "color": "rgba(0, 0, 0, 0.87)",
          "fontFamily": "Roboto, sans-serif",
          "height": "100%",
          "left": 0,
          "muiPrepared": true,
          "overflow": "auto",
          "position": "fixed",
          "top": 0,
          "transform": "translate(-310px, 0)",
          "transition": "transform 450ms cubic-bezier(0.23, 1, 0.32, 1) 0ms",
          "width": 300,
          "zIndex": 1300,
        }
      }
    />
  </div>
  <div
    className="contentArea"
  >
    <div
      className="home"
    >
      <div
        className="main-contents"
      >
        <div
          className="search-results-component container-fluid"
        >
          <div
            className="sidepanel hidden-sm-down col col-md-3"
          >
            <div
              className="sorting-options"
            >
              <p
                className="current-sorting-selection"
                onClick={[Function]}
              >
                Most Recent
              </p>
              <div
                className="unselected"
                onClick={[Function]}
              >
                Featured
              </div>
              <div
                className="selected"
                onClick={[Function]}
              >
                Most Recent
              </div>
              <div
                className="unselected"
                onClick={[Function]}
              >
                Alphabetical
              </div>
            </div>
            <div
              className="featured-searches-area"
            >
              <div
                className="featured-searches-header"
              >
                Featured Searches
              </div>
              <div
                className="featured-searches"
              >
                <div>
                  <div>
                    <a
                      href="/search?query=participatory%20budgeting"
                      onClick={[Function]}
                    >
                      Mention "Participatory Budgeting"
                    </a>
                  </div>
                  <div>
                    <a
                      href="/search?tag=infrastructure"
                      onClick={[Function]}
                    >
                      Tagged as: Infrastructure
                    </a>
                  </div>
                </div>
              </div>
            </div>
          </div>
          <div
            className="results-area col col-md-9"
          >
            <div
              className="clearfix search-actions-area"
            >
              <div
                className="filters hidden-xs-down"
              >
                <div
                  className="selected"
                  onClick={[Function]}
                >
                  All
                </div>
                <div
                  className="unselected"
                  onClick={[Function]}
                >
                  Cases
                </div>
                <div
                  className="unselected"
                  href="#"
                  onClick={[Function]}
                >
                  Methods
                </div>
                <div
                  className="unselected"
                  href="#"
                  onClick={[Function]}
                >
                  Organizations
                </div>
              </div>
              <select
                className="mobile-select hidden-sm-up"
                onChange={[Function]}
                value="All"
              >
                <option
                  value="All"
                >
                  All
                </option>
                <option
                  value="Cases"
                >
                  Cases
                </option>
                <option
                  value="Methods"
                >
                  Methods
                </option>
                <option
                  value="Organizations"
                >
                  Organizations
                </option>
              </select>
              <div
                className="view-types hidden-sm-down"
              >
                <div
                  className="selected"
                  onClick={[Function]}
                >
                  <img
                    alt=""
                    className="grid-icon"
                    src="pp-search-grid-icon.png"
                  />
                  <img
                    alt=""
                    className="grid-icon"
                    src="pp-search-grid-icon-active.png"
                  />
                </div>
                <div
                  className="unselected"
                  onClick={[Function]}
                >
                  <img
                    alt=""
                    className="list-icon"
                    src="pp-search-list-icon.png"
                  />
                  <img
                    alt=""
                    className="list-icon"
                    src="pp-search-list-icon-active.png"
                  />
                </div>
                <div
                  onClick={[Function]}
                >
                  <svg
                    onMouseEnter={[Function]}
                    onMouseLeave={[Function]}
                    style={
                      Object {
                        "color": "rgba(0, 0, 0, 0.87)",
                        "display": "inline-block",
                        "fill": "currentColor",
                        "height": 24,
                        "muiPrepared": true,
                        "transition": "all 450ms cubic-bezier(0.23, 1, 0.32, 1) 0ms",
                        "userSelect": "none",
                        "width": 24,
                      }
                    }
                    viewBox="0 0 24 24"
                  >
                    <path
                      d="M19 9h-4V3H9v6H5l7 7 7-7zM5 18v2h14v-2H5z"
                    />
                  </svg>
                </div>
              </div>
            </div>
            <div>
              <h3
                className="searching-message"
              >
                Searching for
                 
                
                <div
                  className="spinner"
                />
              </h3>
            </div>
          </div>
        </div>
        <a
          href="/new"
          onClick={[Function]}
        >
          <div
            className="hidden-sm-up editButton"
            style={
              Object {
                "WebkitTapHighlightColor": "rgba(0,0,0,0)",
                "backgroundColor": "transparent",
                "borderRadius": "50%",
                "boxShadow": "0 3px 10px rgba(0, 0, 0, 0.16),
                       0 3px 10px rgba(0, 0, 0, 0.23)",
                "boxSizing": "border-box",
                "color": "rgba(0, 0, 0, 0.87)",
                "display": "inline-block",
                "fontFamily": "Roboto, sans-serif",
                "muiPrepared": true,
                "transition": "all 450ms cubic-bezier(0.23, 1, 0.32, 1) 0ms",
              }
            }
          >
            <button
              disabled={false}
              href={undefined}
              onBlur={[Function]}
              onClick={[Function]}
              onFocus={[Function]}
              onKeyDown={[Function]}
              onKeyUp={[Function]}
              onMouseDown={[Function]}
              onMouseEnter={[Function]}
              onMouseLeave={[Function]}
              onMouseUp={[Function]}
              onTouchEnd={[Function]}
              onTouchStart={[Function]}
              onTouchTap={[Function]}
              style={
                Object {
                  "WebkitTapHighlightColor": "rgba(0, 0, 0, 0)",
                  "backgroundColor": "#00bcd4",
                  "border": 10,
                  "borderRadius": "50%",
                  "boxSizing": "border-box",
                  "cursor": "pointer",
                  "display": "inline-block",
                  "fontFamily": "Roboto, sans-serif",
                  "fontSize": "inherit",
                  "fontWeight": "inherit",
                  "height": 56,
                  "margin": 0,
                  "muiPrepared": true,
                  "outline": "none",
                  "overflow": "hidden",
                  "padding": 0,
                  "position": "relative",
                  "textAlign": "center",
                  "textDecoration": "none",
                  "transition": "all 450ms cubic-bezier(0.23, 1, 0.32, 1) 0ms",
                  "verticalAlign": "bottom",
                  "width": 56,
                  "zIndex": 1,
                }
              }
              tabIndex={0}
              type="button"
            >
              <div
                onMouseDown={[Function]}
                onMouseLeave={[Function]}
                onMouseUp={[Function]}
                onTouchEnd={[Function]}
                onTouchStart={[Function]}
              >
                <div
                  style={
                    Object {
                      "muiPrepared": true,
                      "top": 0,
                      "transition": "all 450ms cubic-bezier(0.23, 1, 0.32, 1) 0ms",
                    }
                  }
                >
                  <svg
                    onMouseEnter={[Function]}
                    onMouseLeave={[Function]}
                    style={
                      Object {
                        "color": "#ffffff",
                        "display": "inline-block",
                        "fill": "#ffffff",
                        "height": 56,
                        "lineHeight": "56px",
                        "muiPrepared": true,
                        "transition": "all 450ms cubic-bezier(0.23, 1, 0.32, 1) 0ms",
                        "userSelect": "none",
                        "width": 24,
                      }
                    }
                    viewBox="0 0 24 24"
                  >
                    <path
                      d="M19 13h-6v6h-2v-6H5v-2h6V5h2v6h6v2z"
                    />
                  </svg>
                </div>
              </div>
            </button>
          </div>
        </a>
      </div>
    </div>
  </div>
  <div
    className="footer-component"
  >
    <div
      className="expanded-footer container-fluid"
    >
      <div
        className="row"
      >
        <div
          className="col col-lg-6"
        >
          <div
            className="column list"
          >
            <a
              href="/about"
              onClick={[Function]}
            >
              About
            </a>
            <a
              href="/research"
              onClick={[Function]}
            >
              Research
            </a>
            <a
              href="/teaching"
              onClick={[Function]}
            >
              Teaching
            </a>
            <a
              href="/experiments"
              onClick={[Function]}
            >
              Experiments
            </a>
          </div>
          <div
            className="column list"
          >
            <a
              href="/cases"
              onClick={[Function]}
            >
              Cases
            </a>
            <a
              href="/methods"
              onClick={[Function]}
            >
              Methods
            </a>
            <a
              href="/organizations"
              onClick={[Function]}
            >
              Organizations
            </a>
          </div>
          <div
            className="column list"
          >
            <a
              href="/news"
              onClick={[Function]}
            >
              News
            </a>
            <a
              href="/help"
              onClick={[Function]}
            >
              Help
            </a>
            Contact
          </div>
        </div>
        <div
          className="col col-lg-6"
        >
          <div
            className="column xl"
          >
            <h4>
              Participedia
            </h4>
            <p>
              A global community sharing knowledge and stories about public participation
            </p>
          </div>
          <div
            className="column right"
          >
            <a
              className="social-icons"
              href="https://www.facebook.com/Participedia/"
              rel="noopener noreferrer"
              target="_blank"
            >
              <img
                alt=""
                src="pp-social-fb.png"
              />
            </a>
            <a
              className="social-icons"
              href="https://twitter.com/participedia"
              rel="noopener noreferrer"
              target="_blank"
            >
              <img
                alt=""
                src="pp-social-tw.png"
              />
            </a>
            <a
              className="social-icons"
              href="https://www.linkedin.com/company/participedia"
              rel="noopener noreferrer"
              target="_blank"
            >
              <img
                alt=""
                src="pp-social-linkedin.png"
              />
            </a>
            <div
              className="copyright-area"
            >
              <img
                alt=""
                src="cc-icon.png"
              />
              <span>
                Participedia 2017
              </span>
            </div>
          </div>
        </div>
      </div>
    </div>
  </div>
</div>
`;
