exports[`test App 1`] = `
<div>
  <div
    className="nav-bar-component">
    <div
      className="nav-bar-wrapper">
      <div
        className="logo-area">
        <a
          className="menu-icon"
          onClick={[Function]}>
          <img
            alt=""
            src="menu-icon.png" />
        </a>
        <a
          className="logo"
          href="/"
          onClick={[Function]}>
          <img
            alt="Go Home"
            src="pp-logo.png" />
        </a>
      </div>
      <div
        className="search-box-area">
        <input
          className="search-bar"
          onChange={[Function]}
          onKeyUp={[Function]}
          placeholder="Search"
          type="text"
          value="" />
      </div>
      <a
        href="/quick-submit"
        onClick={[Function]}>
        <div
          className="createButton" />
      </a>
      <div
        className="loginButton">
        <button
          disabled={false}
          href={undefined}
          onBlur={[Function]}
          onClick={[Function]}
          onFocus={[Function]}
          onKeyDown={[Function]}
          onKeyUp={[Function]}
          onMouseEnter={[Function]}
          onMouseLeave={[Function]}
          onTouchStart={[Function]}
          onTouchTap={[Function]}
          style={
            Object {
              "WebkitTapHighlightColor": "rgba(0, 0, 0, 0)",
              "backgroundColor": "rgba(0, 0, 0, 0)",
              "border": 10,
              "borderRadius": 2,
              "boxSizing": "border-box",
              "color": "rgba(0, 0, 0, 0.87)",
              "cursor": "pointer",
              "display": "inline-block",
              "fontFamily": "Roboto, sans-serif",
              "fontSize": "inherit",
              "fontWeight": "inherit",
              "height": 36,
              "lineHeight": "36px",
              "margin": 0,
              "minWidth": 88,
              "muiPrepared": true,
              "outline": "none",
              "overflow": "hidden",
              "padding": 0,
              "position": "relative",
              "textAlign": "center",
              "textDecoration": "none",
              "transition": "all 450ms cubic-bezier(0.23, 1, 0.32, 1) 0ms",
              "userSelect": "none",
              "verticalAlign": null,
              "zIndex": 1,
            }
          }
          tabIndex={0}
          type="button">
          <div
            onMouseDown={[Function]}
            onMouseLeave={[Function]}
            onMouseUp={[Function]}
            onTouchEnd={[Function]}
            onTouchStart={[Function]}>
            <span
              style={
                Object {
                  "fontSize": 14,
                  "fontWeight": 500,
                  "letterSpacing": 0,
                  "muiPrepared": true,
                  "paddingLeft": 16,
                  "paddingRight": 16,
                  "position": "relative",
                  "textTransform": "uppercase",
                  "verticalAlign": "middle",
                }
              }>
              Login
            </span>
          </div>
        </button>
      </div>
    </div>
  </div>
  <div
    className="drawer"
    style={undefined}>
    <div
      className={undefined}
      onTouchTap={[Function]}
      style={
        Object {
          "WebkitTapHighlightColor": "rgba(0, 0, 0, 0)",
          "backgroundColor": "rgba(0, 0, 0, 0.54)",
          "height": "100%",
          "left": "-100%",
          "muiPrepared": true,
          "opacity": 0,
          "pointerEvents": "none",
          "position": "fixed",
          "top": 0,
          "transform": "translateZ(0)",
          "transition": "left 0ms cubic-bezier(0.23, 1, 0.32, 1) 400ms, opacity 400ms cubic-bezier(0.23, 1, 0.32, 1) 0ms",
          "width": "100%",
          "willChange": "opacity",
          "zIndex": 1200,
        }
      } />
    <div
      className={undefined}
      style={
        Object {
          "WebkitOverflowScrolling": "touch",
          "WebkitTapHighlightColor": "rgba(0,0,0,0)",
          "backgroundColor": "#ffffff",
          "borderRadius": "0px",
          "boxShadow": "0 3px 10px rgba(0, 0, 0, 0.16),
                 0 3px 10px rgba(0, 0, 0, 0.23)",
          "boxSizing": "border-box",
          "color": "rgba(0, 0, 0, 0.87)",
          "fontFamily": "Roboto, sans-serif",
          "height": "100%",
          "left": 0,
          "muiPrepared": true,
          "overflow": "auto",
          "position": "fixed",
          "top": 0,
          "transform": "translate(-310px, 0)",
          "transition": "transform 450ms cubic-bezier(0.23, 1, 0.32, 1) 0ms",
          "width": 300,
          "zIndex": 1300,
        }
      } />
  </div>
  <div
    className="contentArea">
    <div
      className="home">
      <Map />
      <div
        className="main-contents">
        <div
          className="search-results-component container-fluid">
          <div
            className="sidepanel hidden-sm-down col col-md-3">
            <div
              className="sorting-options">
              <p
                className="current-sorting-selection"
                onClick={[Function]}>
                Most Recent
              </p>
              <div
                className="unselected"
                onClick={[Function]}>
                Featured
              </div>
              <div
                className="selected"
                onClick={[Function]}>
                Most Recent
              </div>
              <div
                className="unselected"
                onClick={[Function]}>
                Alphabetical
              </div>
            </div>
            <div
              className="featured-searches-area">
              <div
                className="featured-searches-header">
                Featured Searches
              </div>
              <div
                className="featured-searches">
                <div>
                  <div>
                    <a
                      href="/search?query=participatory%2520budgeting"
                      onClick={[Function]}>
                      Mention \"Participatory Budgeting\"
                    </a>
                  </div>
                  <div>
                    <a
                      href="/search?tag=infrastructure"
                      onClick={[Function]}>
                      Tagged as: Infrastructure
                    </a>
                  </div>
                </div>
              </div>
            </div>
          </div>
          <div
            className="col col-md-9">
            <div
              className="clearfix search-actions-area">
              <div
                className="filters hidden-xs-down">
                <div
                  className="selected"
                  onClick={[Function]}>
                  All
                </div>
                <div
                  className="unselected"
                  onClick={[Function]}>
                  News
                </div>
                <div
                  className="unselected"
                  onClick={[Function]}>
                  cases
                </div>
                <div
                  className="unselected"
                  href="#"
                  onClick={[Function]}>
                  methods
                </div>
                <div
                  className="unselected"
                  href="#"
                  onClick={[Function]}>
                  organizations
                </div>
              </div>
              <select
                className="mobile-select hidden-sm-up"
                onChange={[Function]}
                value="All">
                <option
                  value="All">
                  All
                </option>
                <option
                  value="News">
                  News
                </option>
                <option
                  value="Cases">
                  cases
                </option>
                <option
                  value="Methods">
                  methods
                </option>
                <option
                  value="Organizations">
                  organizations
                </option>
              </select>
              <div
                className="view-types hidden-sm-down">
                <div
                  className="selected"
                  onClick={[Function]}>
                  <img
                    alt=""
                    className="grid-icon"
                    src="pp-search-grid-icon.png" />
                  <img
                    alt=""
                    className="grid-icon"
                    src="pp-search-grid-icon-active.png" />
                </div>
                <div
                  className="unselected"
                  onClick={[Function]}>
                  <img
                    alt=""
                    className="list-icon"
                    src="pp-search-list-icon.png" />
                  <img
                    alt=""
                    className="list-icon"
                    src="pp-search-list-icon-active.png" />
                </div>
                <div
                  onClick={[Function]}>
                  <img
                    alt=""
                    className="dl-icon"
                    src="../img/pp-search-dl-icon.png" />
                </div>
              </div>
            </div>
            <div>
              <h3>
                Searching for
                Â 
                
                <div
                  className="spinner">
                  <ChasingDots
                    size={50} />
                </div>
              </h3>
            </div>
          </div>
        </div>
      </div>
    </div>
  </div>
  <div
    className="footer-component">
    <div
      className="expanded-footer container-fluid">
      <div
        className="row">
        <div
          className="col col-lg-6">
          <div
            className="column list">
            <a
              href="/about"
              onClick={[Function]}>
              About
            </a>
            <a
              href="/research"
              onClick={[Function]}>
              Research
            </a>
            <a
              href="/teaching"
              onClick={[Function]}>
              Teaching
            </a>
            <a
              href="/experiments"
              onClick={[Function]}>
              Experiments
            </a>
          </div>
          <div
            className="column list">
            <a
              href="#">
              cases
            </a>
            <a
              href="#">
              methods
            </a>
            <a
              href="#">
              organizations
            </a>
            <a
              href="#">
              Users
            </a>
          </div>
          <div
            className="column list">
            <a
              href="#">
              News
            </a>
            <a
              href="?help"
              onClick={[Function]}>
              Help
            </a>
            <a
              href="#">
              Contact
            </a>
          </div>
        </div>
        <div
          className="col col-lg-6">
          <div
            className="column xl">
            <h4>
              Participedia
            </h4>
            <p>
              A global community sharing knowledge and stories about public participation
            </p>
          </div>
          <div
            className="column right">
            <div
              className="SocialMediaShareButton SocialMediaShareButton--facebook social-icons"
              onClick={[Function]}
              style={Object {}}>
              <img
                alt=""
                src="pp-social-fb.png" />
            </div>
            <div
              className="SocialMediaShareButton SocialMediaShareButton--twitter social-icons"
              onClick={[Function]}
              style={Object {}}>
              <img
                alt=""
                src="pp-social-tw.png" />
            </div>
            <div
              className="copyright-area">
              <img
                alt=""
                src="cc-icon.png" />
              <span>
                Participedia 2017
              </span>
            </div>
          </div>
        </div>
      </div>
    </div>
  </div>
</div>
`;

exports[`test Searching for a word 1`] = `
<div>
  <div
    className="nav-bar-component">
    <div
      className="nav-bar-wrapper">
      <div
        className="logo-area">
        <a
          className="menu-icon"
          onClick={[Function]}>
          <img
            alt=""
            src="menu-icon.png" />
        </a>
        <a
          className="logo"
          href="/"
          onClick={[Function]}>
          <img
            alt="Go Home"
            src="pp-logo.png" />
        </a>
      </div>
      <div
        className="search-box-area">
        <input
          className="search-bar"
          onChange={[Function]}
          onKeyUp={[Function]}
          placeholder="Search"
          type="text"
          value="" />
      </div>
      <a
        href="/quick-submit"
        onClick={[Function]}>
        <div
          className="createButton" />
      </a>
      <div
        className="loginButton">
        <button
          disabled={false}
          href={undefined}
          onBlur={[Function]}
          onClick={[Function]}
          onFocus={[Function]}
          onKeyDown={[Function]}
          onKeyUp={[Function]}
          onMouseEnter={[Function]}
          onMouseLeave={[Function]}
          onTouchStart={[Function]}
          onTouchTap={[Function]}
          style={
            Object {
              "WebkitTapHighlightColor": "rgba(0, 0, 0, 0)",
              "backgroundColor": "rgba(0, 0, 0, 0)",
              "border": 10,
              "borderRadius": 2,
              "boxSizing": "border-box",
              "color": "rgba(0, 0, 0, 0.87)",
              "cursor": "pointer",
              "display": "inline-block",
              "fontFamily": "Roboto, sans-serif",
              "fontSize": "inherit",
              "fontWeight": "inherit",
              "height": 36,
              "lineHeight": "36px",
              "margin": 0,
              "minWidth": 88,
              "muiPrepared": true,
              "outline": "none",
              "overflow": "hidden",
              "padding": 0,
              "position": "relative",
              "textAlign": "center",
              "textDecoration": "none",
              "transition": "all 450ms cubic-bezier(0.23, 1, 0.32, 1) 0ms",
              "userSelect": "none",
              "verticalAlign": null,
              "zIndex": 1,
            }
          }
          tabIndex={0}
          type="button">
          <div
            onMouseDown={[Function]}
            onMouseLeave={[Function]}
            onMouseUp={[Function]}
            onTouchEnd={[Function]}
            onTouchStart={[Function]}>
            <span
              style={
                Object {
                  "fontSize": 14,
                  "fontWeight": 500,
                  "letterSpacing": 0,
                  "muiPrepared": true,
                  "paddingLeft": 16,
                  "paddingRight": 16,
                  "position": "relative",
                  "textTransform": "uppercase",
                  "verticalAlign": "middle",
                }
              }>
              Login
            </span>
          </div>
        </button>
      </div>
    </div>
  </div>
  <div
    className="drawer"
    style={undefined}>
    <div
      className={undefined}
      onTouchTap={[Function]}
      style={
        Object {
          "WebkitTapHighlightColor": "rgba(0, 0, 0, 0)",
          "backgroundColor": "rgba(0, 0, 0, 0.54)",
          "height": "100%",
          "left": "-100%",
          "muiPrepared": true,
          "opacity": 0,
          "pointerEvents": "none",
          "position": "fixed",
          "top": 0,
          "transform": "translateZ(0)",
          "transition": "left 0ms cubic-bezier(0.23, 1, 0.32, 1) 400ms, opacity 400ms cubic-bezier(0.23, 1, 0.32, 1) 0ms",
          "width": "100%",
          "willChange": "opacity",
          "zIndex": 1200,
        }
      } />
    <div
      className={undefined}
      style={
        Object {
          "WebkitOverflowScrolling": "touch",
          "WebkitTapHighlightColor": "rgba(0,0,0,0)",
          "backgroundColor": "#ffffff",
          "borderRadius": "0px",
          "boxShadow": "0 3px 10px rgba(0, 0, 0, 0.16),
                 0 3px 10px rgba(0, 0, 0, 0.23)",
          "boxSizing": "border-box",
          "color": "rgba(0, 0, 0, 0.87)",
          "fontFamily": "Roboto, sans-serif",
          "height": "100%",
          "left": 0,
          "muiPrepared": true,
          "overflow": "auto",
          "position": "fixed",
          "top": 0,
          "transform": "translate(-310px, 0)",
          "transition": "transform 450ms cubic-bezier(0.23, 1, 0.32, 1) 0ms",
          "width": 300,
          "zIndex": 1300,
        }
      } />
  </div>
  <div
    className="contentArea">
    <div
      className="home">
      <Map />
      <div
        className="main-contents">
        <div
          className="search-results-component container-fluid">
          <div
            className="sidepanel hidden-sm-down col col-md-3">
            <div
              className="sorting-options">
              <p
                className="current-sorting-selection"
                onClick={[Function]}>
                Most Recent
              </p>
              <div
                className="unselected"
                onClick={[Function]}>
                Featured
              </div>
              <div
                className="selected"
                onClick={[Function]}>
                Most Recent
              </div>
              <div
                className="unselected"
                onClick={[Function]}>
                Alphabetical
              </div>
            </div>
            <div
              className="featured-searches-area">
              <div
                className="featured-searches-header">
                Featured Searches
              </div>
              <div
                className="featured-searches">
                <div>
                  <div>
                    <a
                      href="/search?query=participatory%2520budgeting"
                      onClick={[Function]}>
                      Mention \"Participatory Budgeting\"
                    </a>
                  </div>
                  <div>
                    <a
                      href="/search?tag=infrastructure"
                      onClick={[Function]}>
                      Tagged as: Infrastructure
                    </a>
                  </div>
                </div>
              </div>
            </div>
          </div>
          <div
            className="col col-md-9">
            <div
              className="clearfix search-actions-area">
              <div
                className="filters hidden-xs-down">
                <div
                  className="selected"
                  onClick={[Function]}>
                  All
                </div>
                <div
                  className="unselected"
                  onClick={[Function]}>
                  News
                </div>
                <div
                  className="unselected"
                  onClick={[Function]}>
                  cases
                </div>
                <div
                  className="unselected"
                  href="#"
                  onClick={[Function]}>
                  methods
                </div>
                <div
                  className="unselected"
                  href="#"
                  onClick={[Function]}>
                  organizations
                </div>
              </div>
              <select
                className="mobile-select hidden-sm-up"
                onChange={[Function]}
                value="All">
                <option
                  value="All">
                  All
                </option>
                <option
                  value="News">
                  News
                </option>
                <option
                  value="Cases">
                  cases
                </option>
                <option
                  value="Methods">
                  methods
                </option>
                <option
                  value="Organizations">
                  organizations
                </option>
              </select>
              <div
                className="view-types hidden-sm-down">
                <div
                  className="selected"
                  onClick={[Function]}>
                  <img
                    alt=""
                    className="grid-icon"
                    src="pp-search-grid-icon.png" />
                  <img
                    alt=""
                    className="grid-icon"
                    src="pp-search-grid-icon-active.png" />
                </div>
                <div
                  className="unselected"
                  onClick={[Function]}>
                  <img
                    alt=""
                    className="list-icon"
                    src="pp-search-list-icon.png" />
                  <img
                    alt=""
                    className="list-icon"
                    src="pp-search-list-icon-active.png" />
                </div>
                <div
                  onClick={[Function]}>
                  <img
                    alt=""
                    className="dl-icon"
                    src="../img/pp-search-dl-icon.png" />
                </div>
              </div>
            </div>
            <div>
              <h3>
                Searching for
                Â 
                
                <div
                  className="spinner">
                  <ChasingDots
                    size={50} />
                </div>
              </h3>
            </div>
          </div>
        </div>
      </div>
    </div>
  </div>
  <div
    className="footer-component">
    <div
      className="expanded-footer container-fluid">
      <div
        className="row">
        <div
          className="col col-lg-6">
          <div
            className="column list">
            <a
              href="/about"
              onClick={[Function]}>
              About
            </a>
            <a
              href="/research"
              onClick={[Function]}>
              Research
            </a>
            <a
              href="/teaching"
              onClick={[Function]}>
              Teaching
            </a>
            <a
              href="/experiments"
              onClick={[Function]}>
              Experiments
            </a>
          </div>
          <div
            className="column list">
            <a
              href="#">
              cases
            </a>
            <a
              href="#">
              methods
            </a>
            <a
              href="#">
              organizations
            </a>
            <a
              href="#">
              Users
            </a>
          </div>
          <div
            className="column list">
            <a
              href="#">
              News
            </a>
            <a
              href="?help"
              onClick={[Function]}>
              Help
            </a>
            <a
              href="#">
              Contact
            </a>
          </div>
        </div>
        <div
          className="col col-lg-6">
          <div
            className="column xl">
            <h4>
              Participedia
            </h4>
            <p>
              A global community sharing knowledge and stories about public participation
            </p>
          </div>
          <div
            className="column right">
            <div
              className="SocialMediaShareButton SocialMediaShareButton--facebook social-icons"
              onClick={[Function]}
              style={Object {}}>
              <img
                alt=""
                src="pp-social-fb.png" />
            </div>
            <div
              className="SocialMediaShareButton SocialMediaShareButton--twitter social-icons"
              onClick={[Function]}
              style={Object {}}>
              <img
                alt=""
                src="pp-social-tw.png" />
            </div>
            <div
              className="copyright-area">
              <img
                alt=""
                src="cc-icon.png" />
              <span>
                Participedia 2017
              </span>
            </div>
          </div>
        </div>
      </div>
    </div>
  </div>
</div>
`;
